
> system@1.0.0 build
> vite build && node -e "require('fs').copyFileSync('dist/index.html', 'lt.html')"

[36mvite v7.3.1 [32mbuilding client environment for production...[36m[39m
node.exe : [33m
所在位置 行:1 字符: 1
+ & "C:\Program Files
\nodejs/node.exe" "C:
\Program Files\nodejs
/node_mo ...
+ ~~~~~~~~~~~~~~~~~~~
~~~~~~~~~~~~~~~~~~~~~
~~~~~~~~~~~~~~~~~~~~~
~~~~~~~~
    + CategoryInfo   
           : NotSpe  
  cified: ([33m:S   
 tring) [], Remot    
eException
    + FullyQualified 
   ErrorId : Native  
  CommandError
 
Unable to parse HTML;
 parse5 error code en
d-tag-without-matchin
g-open-element
 at C:/Users/loru/Des
ktop/system/src/index
.html:844:5
867 |              #l
ogin-overlay {
868 |                
  background-size: 10
px 10px !important;
869 |                
  /* 鐐归樀鍙樺皬 */
    |                
^^^^^^^^
870 |                
  padding: 20px !impo
rtant;
871 |                
  align-items: flex-s
tart !important;[39m
[32m鉁?[39m 0 modules transformed.
[31m鉁?[39m Build fai
led in 83ms
[31merror during bui
ld:
[31m[vite:build-html
] Failed to resolve .
/assets/js/cloud.js f
rom C:/Users/loru/Des
ktop/system/src/index
.html[31m
file: [36mC:/Users/l
oru/Desktop/system/sr
c/index.html[31m
    at file:///C:/Use
rs/loru/Desktop/syste
m/node_modules/vite/d
ist/node/chunks/confi
g.js:23919:64
    at async Promise.
all (index 0)
    at async Object.h
andler (file:///C:/Us
ers/loru/Desktop/syst
em/node_modules/vite/
dist/node/chunks/conf
ig.js:24016:5)
    at async transfor
m (file:///C:/Users/l
oru/Desktop/system/no
de_modules/rollup/dis
t/es/shared/node-entr
y.js:21246:16)
    at async ModuleLo
ader.addModuleSource 
(file:///C:/Users/lor
u/Desktop/system/node
_modules/rollup/dist/
es/shared/node-entry.
js:21474:36)[39m
